<html>
<body>
<pre>
<h1>µVision Build Log</h1>
<h2>Tool Versions:</h2>
IDE-Version: ¶ÃVision V5.14.0.0
Copyright (C) 2015 ARM Ltd and ARM Germany GmbH. All rights reserved.
License Information: damon lenovo, damon, LIC=P6F30-B64PI-RE0H3-A1RWT-FF88I-5AI5W
 
Tool Versions:
Toolchain:       MDK-ARM Professional  Version: 5.14.0.0
Toolchain Path:  F:\keil5\ARM\ARMCC\Bin
C Compiler:      Armcc.exe V5.05 update 1 (build 106)
Assembler:       Armasm.exe V5.05 update 1 (build 106)
Linker/Locator:  ArmLink.exe V5.05 update 1 (build 106)
Library Manager: ArmAr.exe V5.05 update 1 (build 106)
Hex Converter:   FromElf.exe V5.05 update 1 (build 106)
CPU DLL:         SARMCM3.DLL V5.14.0.0
Dialog DLL:      DCM.DLL V1.13.1.0
Target DLL:      STLink\ST-LINKIII-KEIL_SWO.dll V2.0.14.0_KEIL
Dialog DLL:      TCM.DLL V1.14.4.0
 
<h2>Project:</h2>
F:\github\tcp_ip“∆÷≤\stm32f103_cube\my_project\MDK-ARM\my_project.uvprojx
Project File Date:  02/27/2018

<h2>Output:</h2>
Build target 'my_project'
compiling usart.c...
../Inc/golbal_main.h(31): warning:  #1-D: last line of file ends without a newline
  #endif
../Src/usart.c: 1 warning, 0 errors
compiling stm32f1xx_hal_msp.c...
compiling tim.c...
../Inc/golbal_main.h(31): warning:  #1-D: last line of file ends without a newline
  #endif
..\LWIP\lwip-1.4.1\src\include\lwip/pbuf.h(132): warning:  #1295-D: Deprecated declaration pbuf_free_ooseq - give arg types
  void pbuf_free_ooseq();
..\LWIP\arch\lwip_demo.h(38): warning:  #1-D: last line of file ends without a newline
  #endif
../Src/tim.c: 3 warnings, 0 errors
compiling main.c...
../Inc/golbal_main.h(31): warning:  #1-D: last line of file ends without a newline
  #endif
../Inc/my_main.h(10): warning:  #1-D: last line of file ends without a newline
  #endif
..\LWIP\lwip-1.4.1\src\include\lwip/pbuf.h(132): warning:  #1295-D: Deprecated declaration pbuf_free_ooseq - give arg types
  void pbuf_free_ooseq();
..\LWIP\arch\lwip_demo.h(38): warning:  #1-D: last line of file ends without a newline
  #endif
../Src/main.c: 4 warnings, 0 errors
compiling gpio.c...
compiling stm32f1xx_it.c...
compiling dm9000.c...
..\LWIP\lwip-1.4.1\src\include\lwip/pbuf.h(132): warning:  #1295-D: Deprecated declaration pbuf_free_ooseq - give arg types
  void pbuf_free_ooseq();
../Inc/dm9000.h(159): warning:  #1-D: last line of file ends without a newline
  #endif
../Inc/golbal_main.h(31): warning:  #1-D: last line of file ends without a newline
  #endif
..\LWIP\arch\lwip_demo.h(38): warning:  #1-D: last line of file ends without a newline
  #endif
..\Src\dm9000.c: 4 warnings, 0 errors
compiling fsmc.c...
compiling lwip_demo.c...
..\LWIP\lwip-1.4.1\src\include\lwip/pbuf.h(132): warning:  #1295-D: Deprecated declaration pbuf_free_ooseq - give arg types
  void pbuf_free_ooseq();
..\LWIP\arch\lwip_demo.h(38): warning:  #1-D: last line of file ends without a newline
  #endif
..\LWIP\lwip-1.4.1\src\include\netif\ethernetif.h(9): warning:  #1-D: last line of file ends without a newline
  #endif
../Inc/golbal_main.h(31): warning:  #1-D: last line of file ends without a newline
  #endif
..\LWIP\arch\lwip_demo.c(194): warning:  #940-D: missing return statement at end of non-void function "echo_client_recv"
  }
..\LWIP\arch\lwip_demo.c: 5 warnings, 0 errors
compiling etharp.c...
..\LWIP\lwip-1.4.1\src\include\lwip/pbuf.h(132): warning:  #1295-D: Deprecated declaration pbuf_free_ooseq - give arg types
  void pbuf_free_ooseq();
..\LWIP\lwip-1.4.1\src\netif\etharp.c: 1 warning, 0 errors
compiling ethernetif.c...
..\LWIP\lwip-1.4.1\src\include\lwip/pbuf.h(132): warning:  #1295-D: Deprecated declaration pbuf_free_ooseq - give arg types
  void pbuf_free_ooseq();
../Inc/dm9000.h(159): warning:  #1-D: last line of file ends without a newline
  #endif
..\LWIP\lwip-1.4.1\src\include\netif\ethernetif.h(9): warning:  #1-D: last line of file ends without a newline
  #endif
..\LWIP\lwip-1.4.1\src\netif\ethernetif.c(87): warning:  #177-D: variable "ethernetif" was declared but never referenced
    struct ethernetif *ethernetif = netif->state;
..\LWIP\lwip-1.4.1\src\netif\ethernetif.c(234): warning:  #550-D: variable "ethernetif" was set but never used
    struct ethernetif *ethernetif;
..\LWIP\lwip-1.4.1\src\netif\ethernetif.c: 5 warnings, 0 errors
compiling slipif.c...
..\LWIP\lwip-1.4.1\src\include\lwip/pbuf.h(132): warning:  #1295-D: Deprecated declaration pbuf_free_ooseq - give arg types
  void pbuf_free_ooseq();
..\LWIP\lwip-1.4.1\src\netif\slipif.c: 1 warning, 0 errors
compiling def.c...
compiling dhcp.c...
compiling dns.c...
compiling init.c...
..\LWIP\lwip-1.4.1\src\include\lwip/pbuf.h(132): warning:  #1295-D: Deprecated declaration pbuf_free_ooseq - give arg types
  void pbuf_free_ooseq();
..\LWIP\lwip-1.4.1\src\core\init.c: 1 warning, 0 errors
compiling mem.c...
compiling memp.c...
..\LWIP\lwip-1.4.1\src\include\lwip/pbuf.h(132): warning:  #1295-D: Deprecated declaration pbuf_free_ooseq - give arg types
  void pbuf_free_ooseq();
..\LWIP\lwip-1.4.1\src\core\memp.c: 1 warning, 0 errors
compiling netif.c...
..\LWIP\lwip-1.4.1\src\include\lwip/pbuf.h(132): warning:  #1295-D: Deprecated declaration pbuf_free_ooseq - give arg types
  void pbuf_free_ooseq();
..\LWIP\lwip-1.4.1\src\core\netif.c: 1 warning, 0 errors
compiling pbuf.c...
..\LWIP\lwip-1.4.1\src\include\lwip/pbuf.h(132): warning:  #1295-D: Deprecated declaration pbuf_free_ooseq - give arg types
  void pbuf_free_ooseq();
..\LWIP\arch/perf.h(7): warning:  #1-D: last line of file ends without a newline
  #endif
..\LWIP\lwip-1.4.1\src\core\pbuf.c: 2 warnings, 0 errors
compiling raw.c...
..\LWIP\lwip-1.4.1\src\include\lwip/pbuf.h(132): warning:  #1295-D: Deprecated declaration pbuf_free_ooseq - give arg types
  void pbuf_free_ooseq();
..\LWIP\arch/perf.h(7): warning:  #1-D: last line of file ends without a newline
  #endif
..\LWIP\lwip-1.4.1\src\core\raw.c: 2 warnings, 0 errors
compiling stats.c...
compiling sys.c...
compiling tcp.c...
..\LWIP\lwip-1.4.1\src\include\lwip/pbuf.h(132): warning:  #1295-D: Deprecated declaration pbuf_free_ooseq - give arg types
  void pbuf_free_ooseq();
..\LWIP\lwip-1.4.1\src\core\tcp.c: 1 warning, 0 errors
compiling tcp_in.c...
..\LWIP\lwip-1.4.1\src\include\lwip/pbuf.h(132): warning:  #1295-D: Deprecated declaration pbuf_free_ooseq - give arg types
  void pbuf_free_ooseq();
..\LWIP\arch/perf.h(7): warning:  #1-D: last line of file ends without a newline
  #endif
..\LWIP\lwip-1.4.1\src\core\tcp_in.c: 2 warnings, 0 errors
compiling tcp_out.c...
..\LWIP\lwip-1.4.1\src\include\lwip/pbuf.h(132): warning:  #1295-D: Deprecated declaration pbuf_free_ooseq - give arg types
  void pbuf_free_ooseq();
..\LWIP\lwip-1.4.1\src\core\tcp_out.c: 1 warning, 0 errors
compiling timers.c...
..\LWIP\lwip-1.4.1\src\include\lwip/pbuf.h(132): warning:  #1295-D: Deprecated declaration pbuf_free_ooseq - give arg types
  void pbuf_free_ooseq();
..\LWIP\lwip-1.4.1\src\core\timers.c: 1 warning, 0 errors
compiling udp.c...
..\LWIP\lwip-1.4.1\src\include\lwip/pbuf.h(132): warning:  #1295-D: Deprecated declaration pbuf_free_ooseq - give arg types
  void pbuf_free_ooseq();
..\LWIP\arch/perf.h(7): warning:  #1-D: last line of file ends without a newline
  #endif
..\LWIP\lwip-1.4.1\src\core\udp.c: 2 warnings, 0 errors
compiling autoip.c...
compiling icmp.c...
..\LWIP\lwip-1.4.1\src\include\lwip/pbuf.h(132): warning:  #1295-D: Deprecated declaration pbuf_free_ooseq - give arg types
  void pbuf_free_ooseq();
..\LWIP\lwip-1.4.1\src\core\ipv4\icmp.c: 1 warning, 0 errors
compiling igmp.c...
compiling inet.c...
compiling inet_chksum.c...
..\LWIP\lwip-1.4.1\src\include\lwip/pbuf.h(132): warning:  #1295-D: Deprecated declaration pbuf_free_ooseq - give arg types
  void pbuf_free_ooseq();
..\LWIP\lwip-1.4.1\src\core\ipv4\inet_chksum.c: 1 warning, 0 errors
compiling ip.c...
..\LWIP\lwip-1.4.1\src\include\lwip/pbuf.h(132): warning:  #1295-D: Deprecated declaration pbuf_free_ooseq - give arg types
  void pbuf_free_ooseq();
..\LWIP\arch/perf.h(7): warning:  #1-D: last line of file ends without a newline
  #endif
..\LWIP\lwip-1.4.1\src\core\ipv4\ip.c: 2 warnings, 0 errors
compiling ip_addr.c...
..\LWIP\lwip-1.4.1\src\include\lwip/pbuf.h(132): warning:  #1295-D: Deprecated declaration pbuf_free_ooseq - give arg types
  void pbuf_free_ooseq();
..\LWIP\lwip-1.4.1\src\core\ipv4\ip_addr.c: 1 warning, 0 errors
compiling ip_frag.c...
..\LWIP\lwip-1.4.1\src\include\lwip/pbuf.h(132): warning:  #1295-D: Deprecated declaration pbuf_free_ooseq - give arg types
  void pbuf_free_ooseq();
..\LWIP\lwip-1.4.1\src\core\ipv4\ip_frag.c: 1 warning, 0 errors
compiling asn1_dec.c...
compiling asn1_enc.c...
compiling mib_structs.c...
compiling mib2.c...
compiling msg_in.c...
compiling msg_out.c...
compiling stm32f1xx_hal_rcc.c...
compiling stm32f1xx_hal_dma.c...
compiling stm32f1xx_hal_uart.c...
compiling stm32f1xx_hal_flash.c...
compiling stm32f1xx_hal_tim_ex.c...
compiling stm32f1xx_hal_rcc_ex.c...
compiling stm32f1xx_hal_flash_ex.c...
compiling stm32f1xx_hal_cortex.c...
compiling stm32f1xx_hal_gpio_ex.c...
compiling stm32f1xx_hal_pwr.c...
compiling stm32f1xx_hal_tim.c...
compiling stm32f1xx_hal.c...
compiling stm32f1xx_hal_gpio.c...
compiling stm32f1xx_ll_fsmc.c...
compiling stm32f1xx_hal_sram.c...
assembling startup_stm32f103xe.s...
compiling system_stm32f1xx.c...
linking...
Program Size: Code=40848 RO-data=772 RW-data=172 ZI-data=52308  
"my_project\my_project.axf" - 0 Error(s), 44 Warning(s).

<h2>Software Packages used:</h2>

Package Vendor: ARM
                http://www.keil.com/pack/ARM.CMSIS.4.2.0.pack
                ARM::CMSIS:CORE:3.40.0
                CMSIS (Cortex Microcontroller Software Interface Standard)
   * Component: CORE Version: 3.40.0

<h2>Collection of Component include folders:</h2>
  F:\github\tcp_ip“∆÷≤\stm32f103_cube\my_project\MDK-ARM\RTE
  F:\keil5\ARM\PACK\ARM\CMSIS\4.2.0\CMSIS\Include
  F:\keil5\ARM\PACK\Keil\STM32F1xx_DFP\1.0.5\Device\Include

<h2>Collection of Component Files used:</h2>

   * Component: ARM::CMSIS:CORE:3.40.0
      Source file:   CMSIS\UserCodeTemplates\ARM\ITM_Retarget.c
</pre>
</body>
</html>
