<html>
<body>
<pre>
<h1>µVision Build Log</h1>
<h2>Tool Versions:</h2>
IDE-Version: ¶ÃVision V5.14.0.0
Copyright (C) 2015 ARM Ltd and ARM Germany GmbH. All rights reserved.
License Information: damon lenovo, damon, LIC=P6F30-B64PI-RE0H3-A1RWT-FF88I-5AI5W
 
Tool Versions:
Toolchain:       MDK-ARM Professional  Version: 5.14.0.0
Toolchain Path:  F:\keil5\ARM\ARMCC\Bin
C Compiler:      Armcc.exe V5.05 update 1 (build 106)
Assembler:       Armasm.exe V5.05 update 1 (build 106)
Linker/Locator:  ArmLink.exe V5.05 update 1 (build 106)
Library Manager: ArmAr.exe V5.05 update 1 (build 106)
Hex Converter:   FromElf.exe V5.05 update 1 (build 106)
CPU DLL:         SARMCM3.DLL V5.14.0.0
Dialog DLL:      DCM.DLL V1.13.1.0
Target DLL:      STLink\ST-LINKIII-KEIL_SWO.dll V2.0.14.0_KEIL
Dialog DLL:      TCM.DLL V1.14.4.0
 
<h2>Project:</h2>
F:\github\tcp_ip“∆÷≤\stm32f103_cube\my_project\MDK-ARM\my_project.uvprojx
Project File Date:  02/27/2018

<h2>Output:</h2>
Build target 'my_project'
compiling lwip_demo.c...
..\LWIP\lwip-1.4.1\src\include\lwip/pbuf.h(132): warning:  #1295-D: Deprecated declaration pbuf_free_ooseq - give arg types
  void pbuf_free_ooseq();
..\LWIP\arch\lwip_demo.h(38): warning:  #1-D: last line of file ends without a newline
  #endif
..\LWIP\lwip-1.4.1\src\include\netif\ethernetif.h(9): warning:  #1-D: last line of file ends without a newline
  #endif
../Inc/golbal_main.h(31): warning:  #1-D: last line of file ends without a newline
  #endif
..\LWIP\arch\lwip_demo.c(202): warning:  #940-D: missing return statement at end of non-void function "echo_client_recv"
  }
..\LWIP\arch\lwip_demo.c: 5 warnings, 0 errors
linking...
Program Size: Code=40848 RO-data=772 RW-data=172 ZI-data=52308  
"my_project\my_project.axf" - 0 Error(s), 5 Warning(s).

<h2>Software Packages used:</h2>

Package Vendor: ARM
                http://www.keil.com/pack/ARM.CMSIS.4.2.0.pack
                ARM::CMSIS:CORE:3.40.0
                CMSIS (Cortex Microcontroller Software Interface Standard)
   * Component: CORE Version: 3.40.0

<h2>Collection of Component include folders:</h2>
  F:\github\tcp_ip“∆÷≤\stm32f103_cube\my_project\MDK-ARM\RTE
  F:\keil5\ARM\PACK\ARM\CMSIS\4.2.0\CMSIS\Include
  F:\keil5\ARM\PACK\Keil\STM32F1xx_DFP\1.0.5\Device\Include

<h2>Collection of Component Files used:</h2>

   * Component: ARM::CMSIS:CORE:3.40.0
      Source file:   CMSIS\UserCodeTemplates\ARM\ITM_Retarget.c
</pre>
</body>
</html>
